exports[`test Navbar snapshot test 1`] = `
<Uncontrolled(Navbar)
  bsStyle="default"
  className="slide-top slide-paused"
  collapseOnSelect={true}
  fixedTop={true}
  inverse={true}>
  <NavbarHeader>
    <NavbarBrand>
      <Link
        activeClassName=""
        activeOnlyWhenExact={false}
        activeStyle={Object {}}
        className=""
        isActive={[Function isActive]}
        replace={false}
        style={Object {}}
        to="#">
        {
        <span
          className="name text-whiteout whiteout">
          tim.ramsier
        </span>
        }
      </Link>
    </NavbarBrand>
    <NavbarToggle />
  </NavbarHeader>
  <NavbarCollapse>
    <Nav
      bsClass="nav"
      justified={false}
      pullLeft={false}
      pullRight={true}
      stacked={false}>
      <NavItem
        active={false}
        disabled={false}
        eventKey={1}
        href="#aboutme">
        About Me
      </NavItem>
      <NavItem
        active={false}
        disabled={false}
        eventKey={2}
        href="#">
        My Skills
      </NavItem>
      <NavItem
        active={false}
        disabled={false}
        eventKey={3}
        href="#">
        Contact Me
      </NavItem>
    </Nav>
  </NavbarCollapse>
</Uncontrolled(Navbar)>
`;
